E:\Server\FastBuilderPR\src\main\java\com\njdge\fastbuilder\utils\menu\pagination\JumpToPageButton.java
E:\Server\FastBuilderPR\src\main\java\com\njdge\fastbuilder\utils\menu\task\MenuUpdateTask.java
E:\Server\FastBuilderPR\src\main\java\com\njdge\fastbuilder\utils\menu\pagination\PageFilter.java
E:\Server\FastBuilderPR\src\main\java\com\njdge\fastbuilder\utils\TaskTicker.java
E:\Server\FastBuilderPR\src\main\java\com\njdge\fastbuilder\utils\PlayerUtils.java
E:\Server\FastBuilderPR\src\main\java\com\njdge\fastbuilder\utils\ActionBar.java
E:\Server\FastBuilderPR\src\main\java\com\njdge\fastbuilder\utils\menu\pagination\PageFilterButton.java
E:\Server\FastBuilderPR\src\main\java\com\njdge\fastbuilder\test.java
E:\Server\FastBuilderPR\src\main\java\com\njdge\fastbuilder\utils\assemble\AssembleException.java
E:\Server\FastBuilderPR\src\main\java\com\njdge\fastbuilder\profile\PlayerProfile.java
E:\Server\FastBuilderPR\src\main\java\com\njdge\fastbuilder\utils\menu\button\ConfirmationButton.java
E:\Server\FastBuilderPR\src\main\java\com\njdge\fastbuilder\utils\menu\menus\ConfirmMenu.java
E:\Server\FastBuilderPR\src\main\java\com\njdge\fastbuilder\arena\ArenaManager.java
E:\Server\FastBuilderPR\src\main\java\com\njdge\fastbuilder\profile\command\EditCommand.java
E:\Server\FastBuilderPR\src\main\java\com\njdge\fastbuilder\FastBuilder.java
E:\Server\FastBuilderPR\src\main\java\com\njdge\fastbuilder\utils\menu\button\ToggleButton.java
E:\Server\FastBuilderPR\src\main\java\com\njdge\fastbuilder\utils\CC.java
E:\Server\FastBuilderPR\src\main\java\com\njdge\fastbuilder\profile\BlockClearAnimation.java
E:\Server\FastBuilderPR\src\main\java\com\njdge\fastbuilder\utils\menu\TypeCallback.java
E:\Server\FastBuilderPR\src\main\java\com\njdge\fastbuilder\utils\menu\pagination\FilterablePaginatedMenu.java
E:\Server\FastBuilderPR\src\main\java\com\njdge\fastbuilder\database\MongoManager.java
E:\Server\FastBuilderPR\src\main\java\com\njdge\fastbuilder\utils\ItemBuilder.java
E:\Server\FastBuilderPR\src\main\java\com\njdge\fastbuilder\FastBuilderItems.java
E:\Server\FastBuilderPR\src\main\java\com\njdge\fastbuilder\profile\listener\ProfileListener.java
E:\Server\FastBuilderPR\src\main\java\com\njdge\fastbuilder\utils\assemble\events\AssembleBoardCreateEvent.java
E:\Server\FastBuilderPR\src\main\java\com\njdge\fastbuilder\profile\command\ShopCommand.java
E:\Server\FastBuilderPR\src\main\java\com\njdge\fastbuilder\utils\assemble\AssembleUtils.java
E:\Server\FastBuilderPR\src\main\java\com\njdge\fastbuilder\profile\ProfileState.java
E:\Server\FastBuilderPR\src\main\java\com\njdge\fastbuilder\utils\menu\button\BackButton.java
E:\Server\FastBuilderPR\src\main\java\com\njdge\fastbuilder\arena\Arena.java
E:\Server\FastBuilderPR\src\main\java\com\njdge\fastbuilder\utils\assemble\AssembleBoard.java
E:\Server\FastBuilderPR\src\main\java\com\njdge\fastbuilder\utils\assemble\AssembleBoardEntry.java
E:\Server\FastBuilderPR\src\main\java\com\njdge\fastbuilder\utils\menu\button\DisplayButton.java
E:\Server\FastBuilderPR\src\main\java\com\njdge\fastbuilder\utils\TimeUtil.java
E:\Server\FastBuilderPR\src\main\java\com\njdge\fastbuilder\utils\Cuboid.java
E:\Server\FastBuilderPR\src\main\java\com\njdge\fastbuilder\utils\assemble\Assemble.java
E:\Server\FastBuilderPR\src\main\java\com\njdge\fastbuilder\utils\menu\button\JumpToMenuButton.java
E:\Server\FastBuilderPR\src\main\java\com\njdge\fastbuilder\arena\impl\Island.java
E:\Server\FastBuilderPR\src\main\java\com\njdge\fastbuilder\profile\shop\Shop.java
E:\Server\FastBuilderPR\src\main\java\com\njdge\fastbuilder\utils\menu\pagination\PageButton.java
E:\Server\FastBuilderPR\src\main\java\com\njdge\fastbuilder\utils\assemble\AssembleStyle.java
E:\Server\FastBuilderPR\src\main\java\com\njdge\fastbuilder\utils\assemble\events\AssembleBoardCreatedEvent.java
E:\Server\FastBuilderPR\src\main\java\com\njdge\fastbuilder\utils\Util.java
E:\Server\FastBuilderPR\src\main\java\com\njdge\fastbuilder\profile\ProfileManager.java
E:\Server\FastBuilderPR\src\main\java\com\njdge\fastbuilder\utils\assemble\AssembleAdapter.java
E:\Server\FastBuilderPR\src\main\java\com\njdge\fastbuilder\utils\menu\Menu.java
E:\Server\FastBuilderPR\src\main\java\com\njdge\fastbuilder\utils\menu\MenuListener.java
E:\Server\FastBuilderPR\src\main\java\com\njdge\fastbuilder\utils\TitleSender.java
E:\Server\FastBuilderPR\src\main\java\com\njdge\fastbuilder\profile\TimerTicker.java
E:\Server\FastBuilderPR\src\main\java\com\njdge\fastbuilder\utils\assemble\AssembleListener.java
E:\Server\FastBuilderPR\src\main\java\com\njdge\fastbuilder\profile\shop\menu\ShopMenu.java
E:\Server\FastBuilderPR\src\main\java\com\njdge\fastbuilder\utils\menu\pagination\PaginatedMenu.java
E:\Server\FastBuilderPR\src\main\java\com\njdge\fastbuilder\utils\WorldUtil.java
E:\Server\FastBuilderPR\src\main\java\com\njdge\fastbuilder\adapters\ScoreboardAdapter.java
E:\Server\FastBuilderPR\src\main\java\com\njdge\fastbuilder\utils\menu\pagination\ViewAllPagesMenu.java
E:\Server\FastBuilderPR\src\main\java\com\njdge\fastbuilder\utils\assemble\AssembleThread.java
E:\Server\FastBuilderPR\src\main\java\com\njdge\fastbuilder\utils\BasicConfigFile.java
E:\Server\FastBuilderPR\src\main\java\com\njdge\fastbuilder\WeatherManager.java
E:\Server\FastBuilderPR\src\main\java\com\njdge\fastbuilder\utils\menu\Button.java
E:\Server\FastBuilderPR\src\main\java\com\njdge\fastbuilder\utils\Tasks.java
E:\Server\FastBuilderPR\src\main\java\com\njdge\fastbuilder\utils\assemble\events\AssembleBoardDestroyEvent.java
E:\Server\FastBuilderPR\src\main\java\com\njdge\fastbuilder\arena\ArenaType.java
